CONST[123]
AND
PROCEDURE
RECORD
ID[RECORD]
LPAREN
SEMICOLON
ASSIGN
ID[token]
EQUAL
RPAREN
CONST[3]
WHILE
